dpf eval: 674.752712ms
audit: 38.480159ms
write: 713.471798ms
dpf eval: 647.900795ms
audit: 36.465933ms
write: 684.595599ms
dpf eval: 675.796562ms
audit: 37.212049ms
write: 713.264999ms
dpf eval: 720.891051ms
audit: 37.732018ms
write: 758.868772ms
dpf eval: 731.981724ms
audit: 37.887694ms
write: 770.053941ms
dpf eval: 688.509792ms
audit: 37.257446ms
write: 726.019716ms
dpf eval: 722.623748ms
audit: 36.990582ms
write: 759.839429ms
dpf eval: 734.809325ms
audit: 37.063427ms
write: 772.061044ms
dpf eval: 757.431649ms
audit: 37.087312ms
write: 794.803915ms
dpf eval: 728.557754ms
audit: 36.843287ms
write: 765.579836ms
dpf eval: 721.949572ms
audit: 37.239847ms
write: 759.434352ms

dpf eval: 659.641769ms
audit: 36.348111ms
write: 696.20981ms
dpf eval: 648.702304ms
audit: 35.993317ms
write: 684.946981ms
dpf eval: 644.972705ms
audit: 37.26911ms
write: 682.48605ms
dpf eval: 675.214026ms
audit: 37.592057ms
write: 713.036489ms
dpf eval: 720.600312ms
audit: 37.817644ms
write: 758.641867ms
dpf eval: 719.624698ms
audit: 36.759827ms
write: 756.657675ms
dpf eval: 704.3668ms
audit: 37.195916ms
write: 741.783554ms
dpf eval: 723.10336ms
audit: 37.323377ms
write: 760.658051ms
dpf eval: 718.277111ms
audit: 36.920462ms
write: 755.43636ms
dpf eval: 721.618743ms
audit: 37.451117ms
write: 759.319123ms
dpf eval: 697.439516ms
audit: 37.688019ms
write: 735.342715ms

dpf eval: 640.159383ms
audit: 36.149833ms
write: 676.715484ms
dpf eval: 642.050549ms
audit: 36.585015ms
write: 678.785443ms
dpf eval: 624.86873ms
audit: 37.085777ms
write: 662.180862ms
dpf eval: 668.633998ms
audit: 37.105961ms
write: 705.935445ms
dpf eval: 692.661531ms
audit: 37.608051ms
write: 730.492936ms
dpf eval: 739.97565ms
audit: 36.921161ms
write: 777.063592ms
dpf eval: 731.318391ms
audit: 37.797251ms
write: 769.366025ms
dpf eval: 719.216696ms
audit: 37.88986ms
write: 757.369159ms
dpf eval: 693.366652ms
audit: 37.205136ms
write: 730.767624ms
dpf eval: 727.611981ms
audit: 37.142698ms
write: 764.960501ms
dpf eval: 739.627494ms
audit: 37.317511ms
write: 777.187146ms

dpf eval: 676.259357ms
audit: 36.9125ms
write: 713.529586ms
dpf eval: 624.676394ms
audit: 36.864101ms
write: 661.827753ms
dpf eval: 665.706255ms
audit: 38.513894ms
write: 704.463476ms
dpf eval: 694.910921ms
audit: 37.413823ms
write: 732.587906ms
dpf eval: 700.212861ms
audit: 37.300121ms
write: 737.735007ms
dpf eval: 700.488805ms
audit: 37.528572ms
write: 738.256444ms
dpf eval: 704.089827ms
audit: 37.779163ms
write: 742.115879ms
dpf eval: 684.492823ms
audit: 37.52955ms
write: 722.302297ms
dpf eval: 698.830982ms
audit: 37.595131ms
write: 736.746265ms
dpf eval: 718.872388ms
audit: 37.628445ms
write: 756.824549ms
dpf eval: 724.051966ms
audit: 36.988139ms
write: 761.295306ms

dpf eval: 696.920614ms
audit: 36.507072ms
write: 733.878023ms
dpf eval: 646.039207ms
audit: 36.395675ms
write: 682.693994ms
dpf eval: 623.051403ms
audit: 36.003376ms
write: 659.270799ms
dpf eval: 675.887323ms
audit: 37.607982ms
write: 713.755673ms
dpf eval: 705.747869ms
audit: 36.526558ms
write: 742.45895ms
dpf eval: 694.48008ms
audit: 37.184534ms
write: 731.853044ms
dpf eval: 711.41082ms
audit: 36.789511ms
write: 748.40336ms
dpf eval: 713.26958ms
audit: 38.197514ms
write: 751.744991ms
dpf eval: 708.959179ms
audit: 38.012224ms
write: 747.154597ms
dpf eval: 714.448294ms
audit: 38.354307ms
write: 753.111439ms
dpf eval: 698.638858ms
audit: 37.140883ms
write: 735.980046ms

dpf eval: 657.959533ms
audit: 36.719251ms
write: 694.919877ms
dpf eval: 638.977482ms
audit: 36.861098ms
write: 676.064029ms
dpf eval: 690.21599ms
audit: 36.597726ms
write: 727.038257ms
dpf eval: 681.549791ms
audit: 36.911385ms
write: 718.631659ms
dpf eval: 691.182038ms
audit: 37.259823ms
write: 728.676946ms
dpf eval: 704.511337ms
audit: 37.409283ms
write: 742.091732ms
dpf eval: 709.925722ms
audit: 37.570617ms
write: 747.725419ms
dpf eval: 720.652103ms
audit: 36.751657ms
write: 757.599594ms
dpf eval: 737.280849ms
audit: 37.438827ms
write: 774.900984ms
dpf eval: 728.833464ms
audit: 37.353969ms
write: 766.418469ms
dpf eval: 719.047359ms
audit: 37.179227ms
write: 756.531234ms

dpf eval: 676.282779ms
audit: 36.667987ms
write: 713.27525ms
dpf eval: 663.419043ms
audit: 36.588927ms
write: 700.222663ms
dpf eval: 596.879964ms
audit: 36.485701ms
write: 633.616464ms
dpf eval: 657.011027ms
audit: 36.56525ms
write: 693.81304ms
dpf eval: 689.165305ms
audit: 37.283499ms
write: 726.729497ms
dpf eval: 686.705004ms
audit: 37.294046ms
write: 724.218561ms
dpf eval: 745.070407ms
audit: 37.495469ms
write: 782.812415ms
dpf eval: 714.475757ms
audit: 37.092274ms
write: 751.808985ms
dpf eval: 714.356399ms
audit: 37.198642ms
write: 751.819181ms
dpf eval: 688.478488ms
audit: 37.632078ms
write: 726.365697ms
dpf eval: 702.228932ms
audit: 37.421855ms
write: 739.856051ms

dpf eval: 679.281498ms
audit: 97.499212ms
write: 777.202132ms
dpf eval: 654.270038ms
audit: 100.106601ms
write: 754.573591ms
dpf eval: 642.117707ms
audit: 86.655567ms
write: 729.000468ms
dpf eval: 672.697412ms
audit: 111.307624ms
write: 784.184387ms
dpf eval: 711.999048ms
audit: 119.544577ms
write: 831.824319ms
dpf eval: 710.138544ms
audit: 114.09178ms
write: 824.433214ms
dpf eval: 717.197974ms
audit: 108.247173ms
write: 825.684843ms
dpf eval: 717.381307ms
audit: 128.563616ms
write: 846.15326ms
dpf eval: 704.075825ms
audit: 104.875372ms
write: 809.146123ms
dpf eval: 706.381849ms
audit: 112.659893ms
write: 819.256852ms
dpf eval: 750.898752ms
audit: 94.975284ms
write: 846.109821ms

dpf eval: 659.448784ms
audit: 36.261441ms
write: 695.937908ms
dpf eval: 640.176612ms
audit: 36.410484ms
write: 676.844322ms
dpf eval: 654.289043ms
audit: 36.609321ms
write: 691.147001ms
dpf eval: 654.761661ms
audit: 37.475285ms
write: 692.444794ms
dpf eval: 724.07205ms
audit: 36.990027ms
write: 761.267411ms
dpf eval: 716.066061ms
audit: 36.906287ms
write: 753.141505ms
dpf eval: 723.090221ms
audit: 37.403628ms
write: 760.719855ms
dpf eval: 691.270762ms
audit: 38.280137ms
write: 729.771039ms
dpf eval: 725.04187ms
audit: 38.311496ms
write: 763.585448ms
dpf eval: 726.525441ms
audit: 37.660226ms
write: 764.421312ms
dpf eval: 725.502824ms
audit: 37.288878ms
write: 763.117583ms

dpf eval: 982.647733ms
audit: 36.191531ms
write: 1.019813969s
dpf eval: 908.017874ms
audit: 36.788674ms
write: 945.016772ms
dpf eval: 987.967343ms
audit: 36.764859ms
write: 1.024945429s
dpf eval: 954.98314ms
audit: 37.297609ms
write: 992.467435ms
dpf eval: 1.027232456s
audit: 36.91858ms
write: 1.064368872s
dpf eval: 1.058547453s
audit: 37.105196ms
write: 1.095851069s
dpf eval: 1.007725268s
audit: 36.863196ms
write: 1.044826415s
dpf eval: 1.00489327s
audit: 37.390079ms
write: 1.04256055s
dpf eval: 1.018526103s
audit: 36.975501ms
write: 1.055773566s
dpf eval: 937.702011ms
audit: 37.590873ms
write: 975.656269ms
dpf eval: 942.981113ms
audit: 37.478569ms
write: 980.638894ms

dpf eval: 964.041928ms
audit: 37.422555ms
write: 1.001702433s
dpf eval: 817.621611ms
audit: 36.244191ms
write: 854.023853ms
dpf eval: 967.731092ms
audit: 36.402453ms
write: 1.004318833s
dpf eval: 968.626459ms
audit: 37.616226ms
write: 1.006524426s
dpf eval: 1.014610523s
audit: 37.506575ms
write: 1.052277664s
dpf eval: 1.026815797s
audit: 37.313533ms
write: 1.064330124s
dpf eval: 950.942691ms
audit: 36.930593ms
write: 988.190434ms
dpf eval: 991.37192ms
audit: 36.595424ms
write: 1.028210951s
dpf eval: 1.010654781s
audit: 37.152828ms
write: 1.048014829s
dpf eval: 968.294649ms
audit: 36.588021ms
write: 1.00511587s
dpf eval: 1.004942665s
audit: 37.091088ms
write: 1.04223811s

dpf eval: 684.36312ms
audit: 36.155494ms
write: 720.981873ms
dpf eval: 640.501817ms
audit: 35.984243ms
write: 676.695445ms
dpf eval: 646.464945ms
audit: 37.093184ms
write: 683.79552ms
dpf eval: 691.221477ms
audit: 36.622732ms
write: 728.041372ms
dpf eval: 686.342637ms
audit: 37.204721ms
write: 723.750526ms
dpf eval: 728.741044ms
audit: 37.286365ms
write: 766.248736ms
dpf eval: 736.791313ms
audit: 37.133134ms
write: 774.139558ms
dpf eval: 734.300769ms
audit: 37.322753ms
write: 771.822989ms
dpf eval: 665.087179ms
audit: 38.109587ms
write: 703.396861ms
dpf eval: 728.785884ms
audit: 37.077121ms
write: 766.069456ms
dpf eval: 704.798857ms
audit: 37.150035ms
write: 742.185235ms

dpf eval: 668.781652ms
audit: 36.447221ms
write: 705.482328ms
dpf eval: 632.790496ms
audit: 36.652136ms
write: 669.657114ms
dpf eval: 634.62474ms
audit: 35.942687ms
write: 670.815015ms
dpf eval: 649.553618ms
audit: 37.355579ms
write: 687.14135ms
dpf eval: 671.519366ms
audit: 37.248931ms
write: 709.810611ms
dpf eval: 718.415909ms
audit: 36.802784ms
write: 755.496802ms
dpf eval: 714.691896ms
audit: 39.244579ms
write: 754.152355ms
dpf eval: 717.499382ms
audit: 38.145415ms
write: 755.919901ms
dpf eval: 711.540724ms
audit: 37.668748ms
write: 749.485344ms
dpf eval: 697.859772ms
audit: 37.612596ms
write: 735.700469ms
dpf eval: 708.292471ms
audit: 37.212893ms
write: 745.684297ms

dpf eval: 688.01556ms
audit: 36.297901ms
write: 724.489251ms
dpf eval: 616.734523ms
audit: 36.622383ms
write: 653.599117ms
dpf eval: 641.233ms
audit: 36.930524ms
write: 678.381429ms
dpf eval: 652.218912ms
audit: 37.299776ms
write: 689.734218ms
dpf eval: 670.781219ms
audit: 37.944132ms
write: 708.982298ms
dpf eval: 705.627747ms
audit: 37.775744ms
write: 743.643887ms
dpf eval: 737.007347ms
audit: 37.426817ms
write: 774.683148ms
dpf eval: 729.740769ms
audit: 37.073838ms
write: 767.001363ms
dpf eval: 730.515101ms
audit: 38.060768ms
write: 768.837705ms
dpf eval: 726.783127ms
audit: 38.258977ms
write: 765.268041ms
dpf eval: 704.977595ms
audit: 37.086271ms
write: 742.249155ms

dpf eval: 669.332224ms
audit: 36.997712ms
write: 707.582822ms
dpf eval: 637.489925ms
audit: 36.87521ms
write: 674.5396ms
dpf eval: 615.585359ms
audit: 36.558479ms
write: 652.414124ms
dpf eval: 639.970693ms
audit: 36.959578ms
write: 677.117167ms
dpf eval: 694.961435ms
audit: 37.054982ms
write: 732.239141ms
dpf eval: 729.476007ms
audit: 36.999109ms
write: 766.73255ms
dpf eval: 724.266886ms
audit: 37.485414ms
write: 762.040467ms
dpf eval: 691.355316ms
audit: 37.476475ms
write: 729.024832ms
dpf eval: 729.840999ms
audit: 37.429193ms
write: 767.570301ms
dpf eval: 703.401631ms
audit: 36.818779ms
write: 740.445997ms
dpf eval: 736.777368ms
audit: 37.565941ms
write: 774.58126ms

dpf eval: 672.839316ms
audit: 36.764302ms
write: 709.872927ms
dpf eval: 670.366862ms
audit: 35.998073ms
write: 706.500845ms
dpf eval: 658.35051ms
audit: 36.172885ms
write: 694.712315ms
dpf eval: 681.787189ms
audit: 37.207865ms
write: 719.265758ms
dpf eval: 664.168438ms
audit: 37.244043ms
write: 701.643587ms
dpf eval: 694.810305ms
audit: 37.423955ms
write: 732.439174ms
dpf eval: 733.491755ms
audit: 37.094164ms
write: 770.783849ms
dpf eval: 740.257361ms
audit: 37.969975ms
write: 778.453691ms
dpf eval: 728.757765ms
audit: 37.17923ms
write: 766.236965ms
dpf eval: 704.606681ms
audit: 37.763733ms
write: 742.545087ms
dpf eval: 727.894806ms
audit: 36.727496ms
write: 764.831617ms

dpf eval: 685.358044ms
audit: 36.242658ms
write: 721.786968ms
dpf eval: 660.818291ms
audit: 36.641452ms
write: 697.711243ms
dpf eval: 632.285286ms
audit: 36.845179ms
write: 669.307234ms
dpf eval: 639.454088ms
audit: 38.154915ms
write: 677.84311ms
dpf eval: 695.961088ms
audit: 37.578793ms
write: 733.777061ms
dpf eval: 705.509106ms
audit: 37.232868ms
write: 742.968888ms
dpf eval: 719.876599ms
audit: 37.030329ms
write: 757.084186ms
dpf eval: 710.047331ms
audit: 37.499733ms
write: 747.853598ms
dpf eval: 684.564021ms
audit: 37.317936ms
write: 722.079886ms
dpf eval: 707.51181ms
audit: 37.580749ms
write: 745.319823ms
dpf eval: 698.656829ms
audit: 36.974246ms
write: 735.823907ms

dpf eval: 661.711638ms
audit: 37.366545ms
write: 699.370191ms
dpf eval: 641.912929ms
audit: 36.274575ms
write: 678.332215ms
dpf eval: 660.013655ms
audit: 36.387998ms
write: 696.709793ms
dpf eval: 672.999476ms
audit: 37.434222ms
write: 710.69714ms
dpf eval: 679.010166ms
audit: 37.674615ms
write: 716.924757ms
dpf eval: 745.035153ms
audit: 37.186704ms
write: 782.448911ms
dpf eval: 695.896142ms
audit: 37.586756ms
write: 733.695215ms
dpf eval: 710.061236ms
audit: 37.383657ms
write: 747.667267ms
dpf eval: 732.355169ms
audit: 36.714856ms
write: 769.28318ms
dpf eval: 718.930744ms
audit: 37.960686ms
write: 757.10284ms
dpf eval: 710.972737ms
audit: 36.73036ms
write: 747.930013ms

dpf eval: 667.365585ms
audit: 36.35622ms
write: 704.065633ms
dpf eval: 609.091946ms
audit: 36.3206ms
write: 645.849614ms
dpf eval: 664.296196ms
audit: 36.21116ms
write: 700.710663ms
dpf eval: 695.931068ms
audit: 37.019155ms
write: 733.12727ms
dpf eval: 715.265332ms
audit: 37.67706ms
write: 753.171683ms
dpf eval: 745.297903ms
audit: 36.370049ms
write: 781.841787ms
dpf eval: 732.787772ms
audit: 36.625599ms
write: 769.630927ms
dpf eval: 723.324124ms
audit: 38.180548ms
write: 761.6989ms
dpf eval: 709.566696ms
audit: 37.117911ms
write: 746.872339ms
dpf eval: 722.019138ms
audit: 36.436118ms
write: 758.71793ms
dpf eval: 697.03198ms
audit: 37.989462ms
write: 735.291867ms

dpf eval: 690.642402ms
audit: 36.586488ms
write: 727.568737ms
dpf eval: 662.791957ms
audit: 36.491573ms
write: 699.473567ms
dpf eval: 628.478249ms
audit: 36.382411ms
write: 665.071162ms
dpf eval: 677.452505ms
audit: 37.517683ms
write: 715.428697ms
dpf eval: 686.089303ms
audit: 37.546178ms
write: 723.891589ms
dpf eval: 706.230934ms
audit: 37.277987ms
write: 778.028593ms
dpf eval: 728.755695ms
audit: 36.416982ms
write: 765.346862ms
dpf eval: 725.678623ms
audit: 36.92473ms
write: 762.777955ms
dpf eval: 736.501247ms
audit: 36.866062ms
write: 773.568523ms
dpf eval: 715.202833ms
audit: 37.999937ms
write: 753.462161ms
dpf eval: 696.711973ms
audit: 37.185308ms
write: 734.17504ms

dpf eval: 676.145498ms
audit: 36.618894ms
write: 712.915249ms
dpf eval: 663.072445ms
audit: 36.623853ms
write: 699.932641ms
dpf eval: 677.92855ms
audit: 36.94212ms
write: 726.014355ms
dpf eval: 643.200891ms
audit: 37.057708ms
write: 680.462116ms
dpf eval: 721.725324ms
audit: 37.229098ms
write: 759.205642ms
dpf eval: 717.641559ms
audit: 37.130692ms
write: 754.947553ms
dpf eval: 724.390753ms
audit: 37.344896ms
write: 761.94685ms
dpf eval: 737.161463ms
audit: 37.196273ms
write: 774.578504ms
dpf eval: 730.547413ms
audit: 37.016292ms
write: 767.74152ms
dpf eval: 677.850679ms
audit: 36.950571ms
write: 714.99499ms
dpf eval: 711.314069ms
audit: 36.661079ms
write: 748.16358ms

dpf eval: 711.773977ms
audit: 36.450786ms
write: 748.435125ms
dpf eval: 686.46066ms
audit: 36.622526ms
write: 723.339852ms
dpf eval: 633.918624ms
audit: 36.972153ms
write: 671.132079ms
dpf eval: 664.702758ms
audit: 37.112743ms
write: 702.038856ms
dpf eval: 719.710895ms
audit: 36.770869ms
write: 756.776704ms
dpf eval: 720.996047ms
audit: 37.191873ms
write: 758.601731ms
dpf eval: 724.704766ms
audit: 37.954751ms
write: 762.897954ms
dpf eval: 749.45579ms
audit: 37.582916ms
write: 787.300681ms
dpf eval: 683.292936ms
audit: 37.662046ms
write: 721.189159ms
dpf eval: 717.573191ms
audit: 38.024243ms
write: 755.894889ms
dpf eval: 700.196721ms
audit: 37.266255ms
write: 737.721807ms

dpf eval: 774.527111ms
audit: 36.707594ms
write: 811.484387ms
dpf eval: 731.786268ms
audit: 36.382621ms
write: 768.30955ms
dpf eval: 770.614945ms
audit: 36.443943ms
write: 807.53751ms
dpf eval: 801.439309ms
audit: 36.309288ms
write: 838.029358ms
dpf eval: 786.577409ms
audit: 36.424526ms
write: 823.238627ms
dpf eval: 827.906548ms
audit: 36.400361ms
write: 864.540178ms
dpf eval: 839.022226ms
audit: 36.298462ms
write: 875.514847ms
dpf eval: 798.151388ms
audit: 36.45812ms
write: 834.855279ms
dpf eval: 835.817554ms
audit: 36.720933ms
write: 872.798787ms
dpf eval: 836.561226ms
audit: 36.122741ms
write: 872.851516ms
dpf eval: 850.635247ms
audit: 35.971186ms
write: 886.810439ms

dpf eval: 638.157099ms
audit: 36.839943ms
write: 675.31489ms
dpf eval: 653.602735ms
audit: 36.773524ms
write: 690.660582ms
dpf eval: 622.241362ms
audit: 36.445758ms
write: 658.849152ms
dpf eval: 673.072982ms
audit: 37.28183ms
write: 710.548062ms
dpf eval: 730.469276ms
audit: 37.344966ms
write: 768.063507ms
dpf eval: 722.313826ms
audit: 37.907609ms
write: 760.448838ms
dpf eval: 703.901257ms
audit: 37.41816ms
write: 741.640339ms
dpf eval: 706.830616ms
audit: 37.628732ms
write: 744.712732ms
dpf eval: 710.818072ms
audit: 37.799564ms
write: 748.904405ms
dpf eval: 692.778387ms
audit: 37.317379ms
write: 730.269671ms
dpf eval: 689.265365ms
audit: 37.73573ms
write: 727.186871ms

dpf eval: 672.686135ms
audit: 36.344348ms
write: 709.234211ms
dpf eval: 654.935314ms
audit: 36.790286ms
write: 691.920667ms
dpf eval: 647.022213ms
audit: 36.769404ms
write: 684.004773ms
dpf eval: 661.033377ms
audit: 37.16708ms
write: 698.393709ms
dpf eval: 705.890695ms
audit: 38.569636ms
write: 744.704286ms
dpf eval: 717.242019ms
audit: 37.083481ms
write: 754.509671ms
dpf eval: 725.22985ms
audit: 37.6603ms
write: 763.138087ms
dpf eval: 733.205739ms
audit: 36.985353ms
write: 770.368768ms
dpf eval: 756.584381ms
audit: 37.129716ms
write: 793.952814ms
dpf eval: 671.244262ms
audit: 37.478154ms
write: 708.951845ms
dpf eval: 711.840277ms
audit: 37.287208ms
write: 749.301809ms

dpf eval: 665.929682ms
audit: 36.989684ms
write: 703.13301ms
dpf eval: 659.988484ms
audit: 38.07041ms
write: 698.254448ms
dpf eval: 662.477632ms
audit: 36.673372ms
write: 699.352636ms
dpf eval: 671.104163ms
audit: 37.463348ms
write: 708.803365ms
dpf eval: 705.186977ms
audit: 37.909285ms
write: 743.276734ms
dpf eval: 725.250807ms
audit: 37.455526ms
write: 762.970054ms
dpf eval: 691.437162ms
audit: 37.203957ms
write: 728.828853ms
dpf eval: 708.004451ms
audit: 38.556995ms
write: 746.818113ms
dpf eval: 683.70509ms
audit: 39.544762ms
write: 723.481935ms
dpf eval: 714.926782ms
audit: 38.014187ms
write: 753.149166ms
dpf eval: 684.316133ms
audit: 37.90314ms
write: 722.473077ms

dpf eval: 673.735022ms
audit: 35.961339ms
write: 709.87711ms
dpf eval: 661.095544ms
audit: 36.42355ms
write: 697.756136ms
dpf eval: 649.46744ms
audit: 36.303073ms
write: 686.005529ms
dpf eval: 634.820162ms
audit: 37.346993ms
write: 672.310609ms
dpf eval: 684.898054ms
audit: 37.212966ms
write: 722.345689ms
dpf eval: 700.055945ms
audit: 38.263172ms
write: 738.718959ms
dpf eval: 685.071122ms
audit: 37.395532ms
write: 722.675689ms
dpf eval: 706.174192ms
audit: 37.219671ms
write: 743.608067ms
dpf eval: 722.365036ms
audit: 37.831482ms
write: 760.404367ms
dpf eval: 720.865891ms
audit: 36.849582ms
write: 757.917245ms
dpf eval: 736.448835ms
audit: 37.620562ms
write: 774.273334ms

dpf eval: 671.620648ms
audit: 36.970548ms
write: 708.850587ms
dpf eval: 653.163241ms
audit: 36.481309ms
write: 689.95276ms
dpf eval: 621.23217ms
audit: 38.088987ms
write: 659.557712ms
dpf eval: 601.543879ms
audit: 57.706111ms
write: 659.447431ms
dpf eval: 722.210062ms
audit: 37.891895ms
write: 760.270904ms
dpf eval: 722.246239ms
audit: 37.358866ms
write: 759.83167ms
dpf eval: 704.00157ms
audit: 37.820658ms
write: 742.0805ms
dpf eval: 755.637136ms
audit: 36.853353ms
write: 792.735354ms
dpf eval: 711.294759ms
audit: 38.038632ms
write: 749.576161ms
dpf eval: 717.203272ms
audit: 37.92968ms
write: 755.323968ms
dpf eval: 710.47126ms
audit: 37.092281ms
write: 747.795205ms

dpf eval: 665.43892ms
audit: 36.829538ms
write: 702.722008ms
dpf eval: 666.372421ms
audit: 37.302574ms
write: 703.869921ms
dpf eval: 660.814441ms
audit: 36.462522ms
write: 697.520011ms
dpf eval: 681.340343ms
audit: 36.85084ms
write: 718.392115ms
dpf eval: 684.050539ms
audit: 37.399304ms
write: 721.68381ms
dpf eval: 722.898843ms
audit: 37.204447ms
write: 760.312813ms
dpf eval: 734.993978ms
audit: 37.335958ms
write: 772.709664ms
dpf eval: 725.144593ms
audit: 36.669042ms
write: 762.046348ms
dpf eval: 730.897989ms
audit: 37.111837ms
write: 768.217674ms
dpf eval: 704.724713ms
audit: 37.301107ms
write: 742.304069ms
dpf eval: 728.400322ms
audit: 37.490937ms
write: 766.114611ms

dpf eval: 681.282796ms
audit: 36.567563ms
write: 718.057928ms
dpf eval: 646.195452ms
audit: 36.884783ms
write: 683.325309ms
dpf eval: 625.608162ms
audit: 37.31319ms
write: 663.149873ms
dpf eval: 610.112031ms
audit: 40.03889ms
write: 650.330064ms
dpf eval: 718.129238ms
audit: 37.840842ms
write: 756.219831ms
dpf eval: 663.790529ms
audit: 40.2767ms
write: 704.330532ms
dpf eval: 723.902958ms
audit: 37.628384ms
write: 761.791571ms
dpf eval: 718.526566ms
audit: 37.351743ms
write: 756.102499ms
dpf eval: 684.024004ms
audit: 37.421723ms
write: 721.661188ms
dpf eval: 708.044769ms
audit: 37.433388ms
write: 745.705ms
dpf eval: 690.584418ms
audit: 37.877439ms
write: 728.663349ms

dpf eval: 682.977573ms
audit: 36.469157ms
write: 719.801663ms
dpf eval: 667.971728ms
audit: 36.469995ms
write: 704.65809ms
dpf eval: 635.043321ms
audit: 36.165067ms
write: 671.398985ms
dpf eval: 697.699234ms
audit: 37.239088ms
write: 735.17292ms
dpf eval: 711.459876ms
audit: 38.304729ms
write: 750.000389ms
dpf eval: 750.180162ms
audit: 36.657938ms
write: 787.097491ms
dpf eval: 694.998676ms
audit: 37.507559ms
write: 732.753544ms
dpf eval: 718.383326ms
audit: 37.2562ms
write: 755.937189ms
dpf eval: 691.365597ms
audit: 37.827083ms
write: 729.416942ms
dpf eval: 706.151862ms
audit: 38.108195ms
write: 744.507085ms
dpf eval: 714.879453ms
audit: 37.160378ms
write: 752.360611ms

dpf eval: 688.368076ms
audit: 36.777227ms
write: 725.30496ms
dpf eval: 664.381115ms
audit: 36.55129ms
write: 701.162184ms
dpf eval: 652.541181ms
audit: 36.678751ms
write: 689.446289ms
dpf eval: 681.494914ms
audit: 36.774225ms
write: 718.488302ms
dpf eval: 696.862678ms
audit: 37.23874ms
write: 734.358712ms
dpf eval: 717.469455ms
audit: 37.121126ms
write: 754.805414ms
dpf eval: 697.292272ms
audit: 37.514055ms
write: 735.014734ms
dpf eval: 727.965082ms
audit: 37.624614ms
write: 765.781551ms
dpf eval: 738.163115ms
audit: 37.22121ms
write: 775.621087ms
dpf eval: 725.032233ms
audit: 37.186918ms
write: 762.455982ms
dpf eval: 718.943459ms
audit: 39.117055ms
write: 758.273599ms



