pm: 6.386588ms
dif gen: 188.711µs
dif eval: 655.463µs
mac: 222.864µs
send: 7.921495ms
multicast size: 703314B

pm: 5.937576ms
dif gen: 167.55µs
dif eval: 678.999µs
mac: 273.569µs
send: 7.514109ms
multicast size: 703310B

pm: 6.11246ms
dif gen: 162.591µs
dif eval: 760.784µs
mac: 260.578µs
send: 7.816314ms
multicast size: 703338B

pm: 6.552042ms
dif gen: 160.287µs
dif eval: 672.714µs
mac: 225.378µs
send: 8.067603ms
multicast size: 703322B

pm: 6.091228ms
dif gen: 164.198µs
dif eval: 872.809µs
mac: 268.68µs
send: 7.873025ms
multicast size: 703330B

