pm: 5.872414ms
dif gen: 153.093µs
dif eval: 112.724µs
mac: 442.167µs
send: 7.051968ms
multicast size: 703294B

pm: 6.104847ms
dif gen: 168.248µs
dif eval: 136.471µs
mac: 224.191µs
send: 7.06838ms
multicast size: 703318B

pm: 6.285038ms
dif gen: 170.972µs
dif eval: 110.489µs
mac: 176.839µs
send: 7.204991ms
multicast size: 703330B

pm: 6.767364ms
dif gen: 189.689µs
dif eval: 135.353µs
mac: 179.982µs
send: 7.83524ms
multicast size: 703334B

pm: 6.086967ms
dif gen: 280.973µs
dif eval: 149.391µs
mac: 463.119µs
send: 7.493087ms
multicast size: 703298B

