pm: 367.785µs
dif gen: 110.001µs
dif eval: 80.108µs
mac: 321.55µs
send: 1.011096ms
multicast size: 102472B

pm: 583.177µs
dif gen: 148.833µs
dif eval: 109.162µs
mac: 332.446µs
send: 1.303662ms
multicast size: 102480B

pm: 484.071µs
dif gen: 113.702µs
dif eval: 85.207µs
mac: 221.817µs
send: 1.04001ms
multicast size: 102484B

pm: 490.078µs
dif gen: 130.045µs
dif eval: 91.563µs
mac: 289.493µs
send: 1.134087ms
multicast size: 102496B

pm: 535.056µs
dif gen: 142.127µs
dif eval: 104.553µs
mac: 212.108µs
send: 1.115648ms
multicast size: 102468B

