pm: 6.205209ms
dif gen: 152.184µs
dif eval: 411.577µs
mac: 380.636µs
send: 7.577525ms
multicast size: 703306B

pm: 6.420182ms
dif gen: 189.689µs
dif eval: 570.605µs
mac: 192.623µs
send: 7.869532ms
multicast size: 703298B

pm: 6.67636ms
dif gen: 181.379µs
dif eval: 733.126µs
mac: 508.167µs
send: 8.644844ms
multicast size: 703322B

pm: 6.123564ms
dif gen: 155.258µs
dif eval: 376.446µs
mac: 202.819µs
send: 7.402153ms
multicast size: 703318B

pm: 6.262759ms
dif gen: 168.807µs
dif eval: 565.437µs
mac: 266.027µs
send: 7.747728ms
multicast size: 703286B

